exports[`test renders 1`] = `
<div
  className="div--213234647"
  onBlur={[Function anonymous]}
  onFocus={[Function anonymous]}
  onKeyDown={[Function anonymous]}
  tabIndex={0}>
  <div
    className="div--177721320 div--vertical--177721320">
    <div
      title={undefined}
      variant={
        Object {
          "disabled": undefined,
          "ltr": true,
          "rtl": false
        }
      }>
      <input
        aria-labelledby="aria1"
        checked={true}
        className="input--125707658"
        disabled={undefined}
        inputRef={[Function anonymous]}
        onBlur={undefined}
        onChange={[Function anonymous]}
        onFocus={undefined}
        tabIndex={-1}
        type="checkbox" />
      <div
        className="Block--671161322 Block--ltr--671161322"
        onClick={[Function anonymous]}
        style={
          Object {
            "bottom": undefined,
            "display": undefined,
            "float": undefined,
            "height": undefined,
            "left": undefined,
            "marginBottom": undefined,
            "marginLeft": undefined,
            "marginRight": undefined,
            "marginTop": undefined,
            "maxHeight": undefined,
            "maxWidth": undefined,
            "minHeight": undefined,
            "minWidth": undefined,
            "paddingBottom": undefined,
            "paddingLeft": undefined,
            "paddingRight": undefined,
            "paddingTop": undefined,
            "position": "relative",
            "right": undefined,
            "textAlign": undefined,
            "top": undefined,
            "verticalAlign": undefined,
            "whiteSpace": undefined,
            "width": undefined
          }
        }>
        <div
          className="div--2240660900"
          id="aria1">
          A
        </div>
        <div
          className="div--3582280542" />
      </div>
    </div>
  </div>
  <div
    className="div--177721320 div--vertical--177721320">
    <div
      title={undefined}
      variant={
        Object {
          "disabled": undefined,
          "ltr": true,
          "rtl": false
        }
      }>
      <input
        aria-labelledby="aria2"
        checked={false}
        className="input--125707658"
        disabled={undefined}
        inputRef={[Function anonymous]}
        onBlur={undefined}
        onChange={[Function anonymous]}
        onFocus={undefined}
        tabIndex={-1}
        type="checkbox" />
      <div
        className="Block--671161322 Block--ltr--671161322"
        onClick={[Function anonymous]}
        style={
          Object {
            "bottom": undefined,
            "display": undefined,
            "float": undefined,
            "height": undefined,
            "left": undefined,
            "marginBottom": undefined,
            "marginLeft": undefined,
            "marginRight": undefined,
            "marginTop": undefined,
            "maxHeight": undefined,
            "maxWidth": undefined,
            "minHeight": undefined,
            "minWidth": undefined,
            "paddingBottom": undefined,
            "paddingLeft": undefined,
            "paddingRight": undefined,
            "paddingTop": undefined,
            "position": "relative",
            "right": undefined,
            "textAlign": undefined,
            "top": undefined,
            "verticalAlign": undefined,
            "whiteSpace": undefined,
            "width": undefined
          }
        }>
        <div
          className="div--2240660900"
          id="aria2">
          B
        </div>
        <div
          className="div--3582280542" />
      </div>
    </div>
  </div>
</div>
`;
