// Jest Snapshot v1, https://goo.gl/fbAQLP

exports[`accepts flex shorthand 1`] = `
<div
  className="Box--2545197522"
  style={
    Object {
      "flexBasis": "0%",
      "flexGrow": 1,
      "flexShrink": 0,
    }
  }
/>
`;

exports[`allows to style component 1`] = `
<div
  className="Box--3355753667"
  style={Object {}}
/>
`;
